
  ● Client     registered   ✓ authenticated
  ● Platform   reachable · SERVING   ✓ healthy
  ● Updates    2 providers outdated

  ── System ──────────────────────────────────────────────
  │  Host       workstation.localdomain · 192.0.2.10
  │  Platform   macos 26.5.1 · arm64

  ── mql ──────────────────────────────────────────────
  │  Version    13.25.0
  │  API        v13
  │  Config     defaults — no config file loaded
  │  Updates    https://releases.mondoo.com

  ── Mondoo Platform ──────────────────────────────────────────────
  │  Endpoint   https://us.api.mondoo.com
  │  Status     SERVING   API v13 ✓ in sync
  │  Time       2026-06-29T21:37:00Z
  │  Client     //agents.api.mondoo.app/spaces/test/agents/123
  │  Account    //agents.api.mondoo.app/spaces/test/serviceaccounts/abc

  ── Providers ──────────────────────────────────────────────
  │  3 installed · 2 outdated · 1 current
  │
  │  PROVIDER          INSTALLED  LATEST
  │  aws               13.18.0  →  13.30.0
  │  os                13.22.0  →  13.25.2
  │
  │  ✓ current  core

  next steps:
    → mql providers update            update 2 outdated providers

