
  ● Client     registered   ✗ authentication failed
  ● Platform   reachable · SERVING   ✓ healthy
  ● Updates    up to date

  ── System ──────────────────────────────────────────────
  │  Host       workstation.localdomain · 192.0.2.10
  │  Platform   macos 26.5.1 · arm64

  ── mql ──────────────────────────────────────────────
  │  Version    13.25.0
  │  API        v13
  │  Config     defaults — no config file loaded
  │  Updates    https://releases.mondoo.com

  ── Mondoo Platform ──────────────────────────────────────────────
  │  Endpoint   https://us.api.mondoo.com
  │  Status     SERVING   API v13 ✓ in sync
  │  Time       2026-06-29T21:37:00Z
  │  Client     //agents.api.mondoo.app/spaces/test/agents/123
  │  Account    //agents.api.mondoo.app/spaces/test/serviceaccounts/abc

  ── Providers ──────────────────────────────────────────────
  │  3 installed · 0 outdated · 3 current
  │
  │  ✓ current  aws, core, os

  ✗ authentication failed · exit 1 · next steps:
    → mql login --token <token>       re-register with a fresh token from Mondoo Platform

